// Jest Snapshot v1, https://goo.gl/fbAQLP

exports[`<App /> App should be renders with Dump 1`] = `
<div
  className="sc-bdVaJa eAwGjB"
>
  <div>
    Dump
  </div>
</div>
`;
