// Jest Snapshot v1, https://goo.gl/fbAQLP

exports[`<Layout /> Layout should be renders 1`] = `
<div
  className="sc-bdVaJa eAwGjB"
/>
`;
